[     277ms] [ERROR] Failed to load resource: the server responded with a status of 401 () @ https://virezia-2c55avds5-lucas-7824s-projects.vercel.app/:0
[     954ms] [LOG] %c
▲

__  __                                     _            __
\ \/ /___  __  __   _________ _____       (_)_  _______/ /_
 \  / __ \/ / / /  / ___/ __ `/ __ \     / / / / / ___/ __/
 / / /_/ / /_/ /  / /__/ /_/ / / / /    / / /_/ (__  ) /_
/_/\____/\__,_/   \___/\__,_/_/ /_/  __/ /\__,_/____/\__/
         __    _          __  __    /___/
   _____/ /_  (_)___     / /_/ /_  (_)___  ____ ______
  / ___/ __ \/ / __ \   / __/ __ \/ / __ \/ __ `/ ___/
 (__  ) / / / / /_/ /  / /_/ / / / / / / / /_/ (__  )
/____/_/ /_/_/ .___/   \__/_/ /_/_/_/ /_/\__, /____/
            /_/                         /____/
  

Hello!

- Open Source https://vercel.com/oss
- Careers https://vercel.com/careers
- Status https://vercel-status.com

 font-family: "Geist Mono", monospace; white-space: pre; line-height: 1; @ https://vercel.com/_next/static/chunks/1l29vw7u8_irq.js?dpl=dpl_CnwfHmLMDY8mDbzeBEws9k4Wb4sr:78
[    1262ms] [WARNING] [GSI_LOGGER]: Your client application uses one of the Google One Tap prompt UI status methods that may stop functioning when FedCM becomes mandatory. Refer to the migration guide to update your code accordingly and opt-in to FedCM to test your changes. Learn more: https://developers.google.com/identity/gsi/web/guides/fedcm-migration?s=dc#display_moment and https://developers.google.com/identity/gsi/web/guides/fedcm-migration?s=dc#skipped_moment @ https://accounts.google.com/gsi/client:84
[    1268ms] [ERROR] Not signed in with the identity provider. @ https://vercel.com/login?next=%2Fsso-api%3Furl%3Dhttps%253A%252F%252Fvirezia-2c55avds5-lucas-7824s-projects.vercel.app%252F%26nonce%3De7fbdc616290fbc20b3e9639f4bf6036a53f47dcb1b751d9cc235bdfa5170f4d:0
[    1291ms] [WARNING] Deprecated API for given entry type. @ https://vercel.com/_next/static/chunks/24660xudx800e.js?dpl=dpl_CnwfHmLMDY8mDbzeBEws9k4Wb4sr:18
[    1292ms] [ERROR] Failed to load resource: the server responded with a status of 403 () @ https://vercel.com/api/jwt:0
[    1472ms] [ERROR] [GSI_LOGGER]: FedCM get() rejects with NetworkError: Error retrieving a token. @ https://vercel.com/_next/static/chunks/3qgawvjgj2zsb.js?dpl=dpl_CnwfHmLMDY8mDbzeBEws9k4Wb4sr:1
[    4707ms] [WARNING] The resource https://vercel.com/_next/static/chunks/3dk1dups9oa1f.css?dpl=dpl_CnwfHmLMDY8mDbzeBEws9k4Wb4sr was preloaded using link preload but not used within a few seconds from the window's load event. Please make sure it has an appropriate `as` value and it is preloaded intentionally. @ https://vercel.com/login?next=%2Fsso-api%3Furl%3Dhttps%253A%252F%252Fvirezia-2c55avds5-lucas-7824s-projects.vercel.app%252F%26nonce%3De7fbdc616290fbc20b3e9639f4bf6036a53f47dcb1b751d9cc235bdfa5170f4d:0
[    4707ms] [WARNING] The resource https://vercel.com/_next/static/media/ebay-light.3ft_ki8203ov0.svg?dpl=dpl_CnwfHmLMDY8mDbzeBEws9k4Wb4sr was preloaded using link preload but not used within a few seconds from the window's load event. Please make sure it has an appropriate `as` value and it is preloaded intentionally. @ https://vercel.com/login?next=%2Fsso-api%3Furl%3Dhttps%253A%252F%252Fvirezia-2c55avds5-lucas-7824s-projects.vercel.app%252F%26nonce%3De7fbdc616290fbc20b3e9639f4bf6036a53f47dcb1b751d9cc235bdfa5170f4d:0
[    4707ms] [WARNING] The resource https://vercel.com/_next/static/media/ebay-dark.34mho2a18qqlt.svg?dpl=dpl_CnwfHmLMDY8mDbzeBEws9k4Wb4sr was preloaded using link preload but not used within a few seconds from the window's load event. Please make sure it has an appropriate `as` value and it is preloaded intentionally. @ https://vercel.com/login?next=%2Fsso-api%3Furl%3Dhttps%253A%252F%252Fvirezia-2c55avds5-lucas-7824s-projects.vercel.app%252F%26nonce%3De7fbdc616290fbc20b3e9639f4bf6036a53f47dcb1b751d9cc235bdfa5170f4d:0
[    4707ms] [WARNING] The resource https://vercel.com/_next/static/chunks/2e_udwjl6lw6j.css?dpl=dpl_CnwfHmLMDY8mDbzeBEws9k4Wb4sr was preloaded using link preload but not used within a few seconds from the window's load event. Please make sure it has an appropriate `as` value and it is preloaded intentionally. @ https://vercel.com/login?next=%2Fsso-api%3Furl%3Dhttps%253A%252F%252Fvirezia-2c55avds5-lucas-7824s-projects.vercel.app%252F%26nonce%3De7fbdc616290fbc20b3e9639f4bf6036a53f47dcb1b751d9cc235bdfa5170f4d:0
[    4707ms] [WARNING] The resource https://vercel.com/_next/static/media/stripe-light.2l_1jctpe6k_4.svg?dpl=dpl_CnwfHmLMDY8mDbzeBEws9k4Wb4sr was preloaded using link preload but not used within a few seconds from the window's load event. Please make sure it has an appropriate `as` value and it is preloaded intentionally. @ https://vercel.com/login?next=%2Fsso-api%3Furl%3Dhttps%253A%252F%252Fvirezia-2c55avds5-lucas-7824s-projects.vercel.app%252F%26nonce%3De7fbdc616290fbc20b3e9639f4bf6036a53f47dcb1b751d9cc235bdfa5170f4d:0
[    4707ms] [WARNING] The resource https://vercel.com/_next/static/media/stripe-dark.16ozjth2vgb_3.svg?dpl=dpl_CnwfHmLMDY8mDbzeBEws9k4Wb4sr was preloaded using link preload but not used within a few seconds from the window's load event. Please make sure it has an appropriate `as` value and it is preloaded intentionally. @ https://vercel.com/login?next=%2Fsso-api%3Furl%3Dhttps%253A%252F%252Fvirezia-2c55avds5-lucas-7824s-projects.vercel.app%252F%26nonce%3De7fbdc616290fbc20b3e9639f4bf6036a53f47dcb1b751d9cc235bdfa5170f4d:0
[    4707ms] [WARNING] The resource https://vercel.com/_next/static/media/adobe-light.406_7oryl71va.svg?dpl=dpl_CnwfHmLMDY8mDbzeBEws9k4Wb4sr was preloaded using link preload but not used within a few seconds from the window's load event. Please make sure it has an appropriate `as` value and it is preloaded intentionally. @ https://vercel.com/login?next=%2Fsso-api%3Furl%3Dhttps%253A%252F%252Fvirezia-2c55avds5-lucas-7824s-projects.vercel.app%252F%26nonce%3De7fbdc616290fbc20b3e9639f4bf6036a53f47dcb1b751d9cc235bdfa5170f4d:0
[   14692ms] [WARNING] The resource https://vercel.com/_next/static/chunks/3dk1dups9oa1f.css?dpl=dpl_CnwfHmLMDY8mDbzeBEws9k4Wb4sr was preloaded using link preload but not used within a few seconds from the window's load event. Please make sure it has an appropriate `as` value and it is preloaded intentionally. @ https://vercel.com/login?next=%2Fsso-api%3Furl%3Dhttps%253A%252F%252Fvirezia-2c55avds5-lucas-7824s-projects.vercel.app%252F%26nonce%3De7fbdc616290fbc20b3e9639f4bf6036a53f47dcb1b751d9cc235bdfa5170f4d:0
[   14693ms] [WARNING] The resource https://vercel.com/_next/static/media/ebay-light.3ft_ki8203ov0.svg?dpl=dpl_CnwfHmLMDY8mDbzeBEws9k4Wb4sr was preloaded using link preload but not used within a few seconds from the window's load event. Please make sure it has an appropriate `as` value and it is preloaded intentionally. @ https://vercel.com/login?next=%2Fsso-api%3Furl%3Dhttps%253A%252F%252Fvirezia-2c55avds5-lucas-7824s-projects.vercel.app%252F%26nonce%3De7fbdc616290fbc20b3e9639f4bf6036a53f47dcb1b751d9cc235bdfa5170f4d:0
[   14693ms] [WARNING] The resource https://vercel.com/_next/static/media/ebay-dark.34mho2a18qqlt.svg?dpl=dpl_CnwfHmLMDY8mDbzeBEws9k4Wb4sr was preloaded using link preload but not used within a few seconds from the window's load event. Please make sure it has an appropriate `as` value and it is preloaded intentionally. @ https://vercel.com/login?next=%2Fsso-api%3Furl%3Dhttps%253A%252F%252Fvirezia-2c55avds5-lucas-7824s-projects.vercel.app%252F%26nonce%3De7fbdc616290fbc20b3e9639f4bf6036a53f47dcb1b751d9cc235bdfa5170f4d:0
[   14693ms] [WARNING] The resource https://vercel.com/_next/static/chunks/2e_udwjl6lw6j.css?dpl=dpl_CnwfHmLMDY8mDbzeBEws9k4Wb4sr was preloaded using link preload but not used within a few seconds from the window's load event. Please make sure it has an appropriate `as` value and it is preloaded intentionally. @ https://vercel.com/login?next=%2Fsso-api%3Furl%3Dhttps%253A%252F%252Fvirezia-2c55avds5-lucas-7824s-projects.vercel.app%252F%26nonce%3De7fbdc616290fbc20b3e9639f4bf6036a53f47dcb1b751d9cc235bdfa5170f4d:0
[   14693ms] [WARNING] The resource https://vercel.com/_next/static/media/stripe-light.2l_1jctpe6k_4.svg?dpl=dpl_CnwfHmLMDY8mDbzeBEws9k4Wb4sr was preloaded using link preload but not used within a few seconds from the window's load event. Please make sure it has an appropriate `as` value and it is preloaded intentionally. @ https://vercel.com/login?next=%2Fsso-api%3Furl%3Dhttps%253A%252F%252Fvirezia-2c55avds5-lucas-7824s-projects.vercel.app%252F%26nonce%3De7fbdc616290fbc20b3e9639f4bf6036a53f47dcb1b751d9cc235bdfa5170f4d:0
[   14693ms] [WARNING] The resource https://vercel.com/_next/static/media/stripe-dark.16ozjth2vgb_3.svg?dpl=dpl_CnwfHmLMDY8mDbzeBEws9k4Wb4sr was preloaded using link preload but not used within a few seconds from the window's load event. Please make sure it has an appropriate `as` value and it is preloaded intentionally. @ https://vercel.com/login?next=%2Fsso-api%3Furl%3Dhttps%253A%252F%252Fvirezia-2c55avds5-lucas-7824s-projects.vercel.app%252F%26nonce%3De7fbdc616290fbc20b3e9639f4bf6036a53f47dcb1b751d9cc235bdfa5170f4d:0
[   14693ms] [WARNING] The resource https://vercel.com/_next/static/media/adobe-light.406_7oryl71va.svg?dpl=dpl_CnwfHmLMDY8mDbzeBEws9k4Wb4sr was preloaded using link preload but not used within a few seconds from the window's load event. Please make sure it has an appropriate `as` value and it is preloaded intentionally. @ https://vercel.com/login?next=%2Fsso-api%3Furl%3Dhttps%253A%252F%252Fvirezia-2c55avds5-lucas-7824s-projects.vercel.app%252F%26nonce%3De7fbdc616290fbc20b3e9639f4bf6036a53f47dcb1b751d9cc235bdfa5170f4d:0
