[  559273ms] [ERROR] Failed to load resource: net::ERR_CONNECTION_REFUSED @ http://localhost:3099/apply?_rsc=gdhdt:0
[  559275ms] [ERROR] Failed to fetch RSC payload for http://localhost:3099/apply. Falling back to browser navigation. TypeError: Failed to fetch
    at f (http://localhost:3099/_next/static/chunks/2117-1dba12d4ed509f77.js:1:45434)
    at http://localhost:3099/_next/static/chunks/2117-1dba12d4ed509f77.js:1:58960
    at Object.u [as task] (http://localhost:3099/_next/static/chunks/2117-1dba12d4ed509f77.js:1:31835)
    at c.s (http://localhost:3099/_next/static/chunks/2117-1dba12d4ed509f77.js:1:32540)
    at c.enqueue (http://localhost:3099/_next/static/chunks/2117-1dba12d4ed509f77.js:1:31965)
    at s (http://localhost:3099/_next/static/chunks/2117-1dba12d4ed509f77.js:1:58923)
    at i (http://localhost:3099/_next/static/chunks/2117-1dba12d4ed509f77.js:1:58463)
    at a (http://localhost:3099/_next/static/chunks/2117-1dba12d4ed509f77.js:1:65252)
    at f (http://localhost:3099/_next/static/chunks/2117-1dba12d4ed509f77.js:1:75112)
    at Object.action (http://localhost:3099/_next/static/chunks/2117-1dba12d4ed509f77.js:2:7082) @ http://localhost:3099/_next/static/chunks/2117-1dba12d4ed509f77.js:0
[ 1935455ms] [ERROR] Failed to load resource: net::ERR_CONNECTION_REFUSED @ http://localhost:3099/apply?_rsc=gdhdt:0
[ 1935455ms] [ERROR] Failed to fetch RSC payload for http://localhost:3099/apply. Falling back to browser navigation. TypeError: Failed to fetch
    at f (http://localhost:3099/_next/static/chunks/2117-1dba12d4ed509f77.js:1:45434)
    at http://localhost:3099/_next/static/chunks/2117-1dba12d4ed509f77.js:1:58960
    at Object.u [as task] (http://localhost:3099/_next/static/chunks/2117-1dba12d4ed509f77.js:1:31835)
    at c.s (http://localhost:3099/_next/static/chunks/2117-1dba12d4ed509f77.js:1:32540)
    at c.enqueue (http://localhost:3099/_next/static/chunks/2117-1dba12d4ed509f77.js:1:31965)
    at s (http://localhost:3099/_next/static/chunks/2117-1dba12d4ed509f77.js:1:58923)
    at i (http://localhost:3099/_next/static/chunks/2117-1dba12d4ed509f77.js:1:58463)
    at a (http://localhost:3099/_next/static/chunks/2117-1dba12d4ed509f77.js:1:65252)
    at f (http://localhost:3099/_next/static/chunks/2117-1dba12d4ed509f77.js:1:75112)
    at Object.action (http://localhost:3099/_next/static/chunks/2117-1dba12d4ed509f77.js:2:7082) @ http://localhost:3099/_next/static/chunks/2117-1dba12d4ed509f77.js:0
[ 2263453ms] [ERROR] Failed to load resource: net::ERR_CONNECTION_REFUSED @ http://localhost:3099/apply?_rsc=gdhdt:0
[ 2263455ms] [ERROR] Failed to fetch RSC payload for http://localhost:3099/apply. Falling back to browser navigation. TypeError: Failed to fetch
    at f (http://localhost:3099/_next/static/chunks/2117-1dba12d4ed509f77.js:1:45434)
    at http://localhost:3099/_next/static/chunks/2117-1dba12d4ed509f77.js:1:58960
    at Object.u [as task] (http://localhost:3099/_next/static/chunks/2117-1dba12d4ed509f77.js:1:31835)
    at c.s (http://localhost:3099/_next/static/chunks/2117-1dba12d4ed509f77.js:1:32540)
    at c.enqueue (http://localhost:3099/_next/static/chunks/2117-1dba12d4ed509f77.js:1:31965)
    at s (http://localhost:3099/_next/static/chunks/2117-1dba12d4ed509f77.js:1:58923)
    at i (http://localhost:3099/_next/static/chunks/2117-1dba12d4ed509f77.js:1:58463)
    at a (http://localhost:3099/_next/static/chunks/2117-1dba12d4ed509f77.js:1:65252)
    at f (http://localhost:3099/_next/static/chunks/2117-1dba12d4ed509f77.js:1:75112)
    at Object.action (http://localhost:3099/_next/static/chunks/2117-1dba12d4ed509f77.js:2:7082) @ http://localhost:3099/_next/static/chunks/2117-1dba12d4ed509f77.js:0
[ 3112474ms] [ERROR] Failed to load resource: net::ERR_CONNECTION_REFUSED @ http://localhost:3099/apply?_rsc=gdhdt:0
[ 3112475ms] [ERROR] Failed to fetch RSC payload for http://localhost:3099/apply. Falling back to browser navigation. TypeError: Failed to fetch
    at f (http://localhost:3099/_next/static/chunks/2117-1dba12d4ed509f77.js:1:45434)
    at http://localhost:3099/_next/static/chunks/2117-1dba12d4ed509f77.js:1:58960
    at Object.u [as task] (http://localhost:3099/_next/static/chunks/2117-1dba12d4ed509f77.js:1:31835)
    at c.s (http://localhost:3099/_next/static/chunks/2117-1dba12d4ed509f77.js:1:32540)
    at c.enqueue (http://localhost:3099/_next/static/chunks/2117-1dba12d4ed509f77.js:1:31965)
    at s (http://localhost:3099/_next/static/chunks/2117-1dba12d4ed509f77.js:1:58923)
    at i (http://localhost:3099/_next/static/chunks/2117-1dba12d4ed509f77.js:1:58463)
    at a (http://localhost:3099/_next/static/chunks/2117-1dba12d4ed509f77.js:1:65252)
    at f (http://localhost:3099/_next/static/chunks/2117-1dba12d4ed509f77.js:1:75112)
    at Object.action (http://localhost:3099/_next/static/chunks/2117-1dba12d4ed509f77.js:2:7082) @ http://localhost:3099/_next/static/chunks/2117-1dba12d4ed509f77.js:0
[ 3517181ms] [ERROR] Failed to load resource: net::ERR_CONNECTION_REFUSED @ http://localhost:3099/apply?_rsc=gdhdt:0
[ 3517183ms] [ERROR] Failed to fetch RSC payload for http://localhost:3099/apply. Falling back to browser navigation. TypeError: Failed to fetch
    at f (http://localhost:3099/_next/static/chunks/2117-1dba12d4ed509f77.js:1:45434)
    at http://localhost:3099/_next/static/chunks/2117-1dba12d4ed509f77.js:1:58960
    at Object.u [as task] (http://localhost:3099/_next/static/chunks/2117-1dba12d4ed509f77.js:1:31835)
    at c.s (http://localhost:3099/_next/static/chunks/2117-1dba12d4ed509f77.js:1:32540)
    at c.enqueue (http://localhost:3099/_next/static/chunks/2117-1dba12d4ed509f77.js:1:31965)
    at s (http://localhost:3099/_next/static/chunks/2117-1dba12d4ed509f77.js:1:58923)
    at i (http://localhost:3099/_next/static/chunks/2117-1dba12d4ed509f77.js:1:58463)
    at a (http://localhost:3099/_next/static/chunks/2117-1dba12d4ed509f77.js:1:65252)
    at f (http://localhost:3099/_next/static/chunks/2117-1dba12d4ed509f77.js:1:75112)
    at Object.action (http://localhost:3099/_next/static/chunks/2117-1dba12d4ed509f77.js:2:7082) @ http://localhost:3099/_next/static/chunks/2117-1dba12d4ed509f77.js:0
[ 7622781ms] [ERROR] Failed to load resource: net::ERR_CONNECTION_REFUSED @ http://localhost:3099/apply?_rsc=gdhdt:0
[ 7622781ms] [ERROR] Failed to fetch RSC payload for http://localhost:3099/apply. Falling back to browser navigation. TypeError: Failed to fetch
    at f (http://localhost:3099/_next/static/chunks/2117-1dba12d4ed509f77.js:1:45434)
    at http://localhost:3099/_next/static/chunks/2117-1dba12d4ed509f77.js:1:58960
    at Object.u [as task] (http://localhost:3099/_next/static/chunks/2117-1dba12d4ed509f77.js:1:31835)
    at c.s (http://localhost:3099/_next/static/chunks/2117-1dba12d4ed509f77.js:1:32540)
    at c.enqueue (http://localhost:3099/_next/static/chunks/2117-1dba12d4ed509f77.js:1:31965)
    at s (http://localhost:3099/_next/static/chunks/2117-1dba12d4ed509f77.js:1:58923)
    at i (http://localhost:3099/_next/static/chunks/2117-1dba12d4ed509f77.js:1:58463)
    at a (http://localhost:3099/_next/static/chunks/2117-1dba12d4ed509f77.js:1:65252)
    at f (http://localhost:3099/_next/static/chunks/2117-1dba12d4ed509f77.js:1:75112)
    at Object.action (http://localhost:3099/_next/static/chunks/2117-1dba12d4ed509f77.js:2:7082) @ http://localhost:3099/_next/static/chunks/2117-1dba12d4ed509f77.js:0
